// Jest Snapshot v1, https://goo.gl/fbAQLP

exports[`testing Carousels render Carousels 1`] = `
<div
  class="mt-5 d-flex bg-light carousel slide carousel-dark"
>
  <div
    class="carousel-indicators"
  >
    <button
      aria-current="true"
      aria-label="Slide 1"
      class="active"
      data-bs-target=""
      type="button"
    />
  </div>
  <div
    class="carousel-inner"
  >
    <div
      class="active carousel-item"
    >
      <img
        alt="carousel"
        class="d-block"
        data-nimg="future"
        decoding="async"
        height="377"
        loading="lazy"
        src="/_next/image?url=https%3A%2F%2Fi.ibb.co%2F10hj3h1%2Fcarousel.jpg&w=1200&q=75"
        srcset="/_next/image?url=https%3A%2F%2Fi.ibb.co%2F10hj3h1%2Fcarousel.jpg&w=640&q=75 1x, /_next/image?url=https%3A%2F%2Fi.ibb.co%2F10hj3h1%2Fcarousel.jpg&w=1200&q=75 2x"
        style="color: transparent;"
        width="555"
      />
      <div
        class="text-dark text-start w-50 top-0 start-50 ps-4 carousel-caption"
      >
        <h3
          class="text-capitalize text-black postTitle"
        >
          <a>
            title
          </a>
        </h3>
        <p
          class="description"
        >
          description
        </p>
        <p
          class="text-capitalize category mt-3"
        >
          Dave Rogers 
          <code
            class="text-secondary"
          >
            in
          </code>
           
          <a
            class="text-black text-decoration-none"
            href="/category/carousel"
          >
            carousel
          </a>
        </p>
      </div>
    </div>
  </div>
  <a
    class="carousel-control-prev"
    href="#"
    role="button"
    tabindex="0"
  >
    <span
      aria-hidden="true"
      class="carousel-control-prev-icon"
    />
    <span
      class="visually-hidden"
    >
      Previous
    </span>
  </a>
  <a
    class="carousel-control-next"
    href="#"
    role="button"
    tabindex="0"
  >
    <span
      aria-hidden="true"
      class="carousel-control-next-icon"
    />
    <span
      class="visually-hidden"
    >
      Next
    </span>
  </a>
</div>
`;
