// Jest Snapshot v1, https://goo.gl/fbAQLP

exports[`testing PostList section render section 1`] = `
<div
  class="me-4 col-md-6"
>
  <h2
    class="mb-5 text-decoration-underline text-capitalize fs-5 postTitle"
  >
    <a>
      headingTitle
    </a>
  </h2>
  <div
    class="d-flex mb-3"
  >
    <img
      alt="postList"
      data-nimg="future"
      decoding="async"
      height="180"
      loading="lazy"
      src="/_next/image?url=https%3A%2F%2Fi.ibb.co%2F10hj3h1%2FPostList.jpg&w=384&q=75"
      srcset="/_next/image?url=https%3A%2F%2Fi.ibb.co%2F10hj3h1%2FPostList.jpg&w=256&q=75 1x, /_next/image?url=https%3A%2F%2Fi.ibb.co%2F10hj3h1%2FPostList.jpg&w=384&q=75 2x"
      style="color: transparent;"
      width="165"
    />
    <div
      class="ms-4"
    >
      <a
        class="fs-6 text-decoration-none text-black text-capitalize postTitle"
        href="/detail/1"
      >
        title
      </a>
      <p
        class="description"
      >
        description
      </p>
      <p
        class="text-capitalize category"
      >
        Dave Rogers 
        <code
          class="text-secondary"
        >
          in
        </code>
         
        <a
          class="text-black text-decoration-none"
          href="/category/postList"
        >
          postList
        </a>
      </p>
    </div>
  </div>
</div>
`;
