// Jest Snapshot v1, https://goo.gl/fbAQLP

exports[`testing Trending section render Trending section 1`] = `
<div
  class="mt-5 ps-4 col-md-4"
>
  <h2
    class="mb-5 postTitle text-decoration-underline text-capitalize fs-5"
  >
    <a>
      trending
    </a>
  </h2>
  <div
    class="mt-3 d-flex"
  >
    <h3>
      0
      1
    </h3>
    <div
      class="ms-4"
    >
      <a
        class="text-black text-capitalize text-decoration-none undefined"
        href="/detail/1"
      >
        title
      </a>
      <p
        class="text-capitalize category mt-3"
      >
        Dave Rogers 
        <code
          class="text-secondary"
        >
          in
        </code>
         
        <a
          class="text-black text-decoration-none"
          href="/category/health"
        >
          health
        </a>
      </p>
    </div>
  </div>
  <a
    class="text-uppercase link-success text-decoration-none"
    href="/category/trending"
  >
    See all trends
    <i
      class="bi bi-chevron-right"
    />
  </a>
</div>
`;
