// Jest Snapshot v1, https://goo.gl/fbAQLP

exports[`testing Category page render category page 1`] = `
<div>
  <div
    class="container"
  >
    <div
      class="d-flex"
    >
      <div
        class="flex-column row"
      >
        <span>
          Categories
        </span>
        <h2
          class="text-capitalize text-decoration-underline"
        >
          category
        </h2>
        <div
          class="mt-5 col"
        >
          <div
            class="d-flex mb-3"
          >
            <div
              class="me-3 w-100"
            >
              <a
                class="fs-5 text-black text-capitalize postTitle text-decoration-none"
                href="/detail/1"
              >
                title
              </a>
              <p
                class="description"
              >
                description
              </p>
              <p
                class="text-capitalize category"
              >
                Dave Rogers 
                <code
                  class="text-secondary"
                >
                  in
                </code>
                 
                PostList
              </p>
            </div>
            <span
              style="box-sizing: border-box; display: inline-block; overflow: hidden; background: none; opacity: 1; border: 0px; margin: 0px; padding: 0px; position: relative; max-width: 100%;"
            >
              <span
                style="box-sizing: border-box; display: block; background: none; opacity: 1; border: 0px; margin: 0px; padding: 0px; max-width: 100%;"
              >
                <img
                  alt=""
                  aria-hidden="true"
                  src="data:image/svg+xml,%3csvg%20xmlns=%27http://www.w3.org/2000/svg%27%20version=%271.1%27%20width=%27248%27%20height=%27155%27/%3e"
                  style="display: block; max-width: 100%; background: none; opacity: 1; border: 0px; margin: 0px; padding: 0px;"
                />
              </span>
              <img
                alt="PostList"
                class="w-25"
                data-nimg="intrinsic"
                decoding="async"
                src="data:image/gif;base64,R0lGODlhAQABAIAAAAAAAP///yH5BAEAAAAALAAAAAABAAEAAAIBRAA7"
                style="position: absolute; top: 0px; left: 0px; bottom: 0px; right: 0px; box-sizing: border-box; padding: 0px; margin: auto; display: block; width: 0px; height: 0px; min-width: 100%; max-width: 100%; min-height: 100%; max-height: 100%;"
              />
              <noscript />
            </span>
          </div>
        </div>
      </div>
      <div
        class="mt-5 ps-4 col-md-4"
      >
        <h2
          class="mb-5 text-decoration-underline text-capitalize fs-5"
        >
          trending
        </h2>
        <div
          class="mt-3 d-flex"
        >
          <h3>
            0
            1
          </h3>
          <div
            class="ms-4"
          >
            <a
              class="text-black text-capitalize text-decoration-none undefined"
              href="/detail/1"
            >
              title
            </a>
            <p
              class="text-capitalize category mt-3"
            >
              Dave Rogers 
              <code
                class="text-secondary"
              >
                in
              </code>
               
              <a
                class="text-black text-decoration-none"
                href="/category/health"
              >
                health
              </a>
            </p>
          </div>
        </div>
        <a
          class="text-uppercase link-success text-decoration-none"
          href="/#"
        >
          See all trends
          <i
            class="bi bi-chevron-right"
          />
        </a>
      </div>
    </div>
    <ul
      class="pagination"
    >
      <li
        class="disabled page-item"
      >
        <a
          class="page-link"
          href="/category/category/1"
        >
          1
        </a>
      </li>
      <li
        class="page-item"
      >
        <a
          class="page-link"
          href="/category/category/2"
        >
          2
        </a>
      </li>
    </ul>
  </div>
  <div
    class="bg-light pt-5 pb-5 mt-5"
  >
    <div
      class="container pb-5 pt-5"
    >
      <form
        action="#"
        class="row align-items-center"
      >
        <div
          class="col-md-5 mr-auto"
        >
          <h2
            class="text-capitalize"
          >
            newsletter subscribe
          </h2>
          <p
            class="description"
          >
            Lorem ipsum dolor sit amet, consectetur adipisicing elit. Perferendis aspernatur ut at quae omnis pariatur obcaecati possimus nisi ea iste!
          </p>
        </div>
        <div
          class="col-md-6 ml-auto d-flex gap-2"
        >
          <input
            class="form-control rounded-pill"
            placeholder="Enter your email"
            type="email"
          />
          <button
            class="btn btn-outline-success border border-light rounded-circle bg-dark"
            type="button"
          >
            <i
              class="bi bi-send text-light"
            />
          </button>
        </div>
      </form>
    </div>
  </div>
</div>
`;
